<?xml version="1.0" encoding="utf-8" ?>
<result>
	<nb_visits_new>4</nb_visits_new>
	<nb_actions_new>8</nb_actions_new>
	<nb_visits_converted_new>0</nb_visits_converted_new>
	<bounce_count_new>2</bounce_count_new>
	<sum_visit_length_new>11</sum_visit_length_new>
	<max_actions_new>3</max_actions_new>
	<bounce_rate_new>50%</bounce_rate_new>
	<nb_actions_per_visit_new>2</nb_actions_per_visit_new>
	<avg_time_on_site_new>3</avg_time_on_site_new>
	<nb_visits_returning>11</nb_visits_returning>
	<nb_actions_returning>13</nb_actions_returning>
	<nb_visits_converted_returning>0</nb_visits_converted_returning>
	<bounce_count_returning>9</bounce_count_returning>
	<sum_visit_length_returning>113</sum_visit_length_returning>
	<max_actions_returning>2</max_actions_returning>
	<bounce_rate_returning>82%</bounce_rate_returning>
	<nb_actions_per_visit_returning>1.2</nb_actions_per_visit_returning>
	<avg_time_on_site_returning>10</avg_time_on_site_returning>
</result>