<?xml version="1.0" encoding="utf-8" ?>
<result>
	<nb_conversions>39</nb_conversions>
	<nb_visits_converted>39</nb_visits_converted>
	<revenue>195</revenue>
	<conversion_rate>90.7%</conversion_rate>
	<nb_conversions_new_visit>37</nb_conversions_new_visit>
	<nb_visits_converted_new_visit>37</nb_visits_converted_new_visit>
	<revenue_new_visit>185</revenue_new_visit>
	<conversion_rate_new_visit>90.24%</conversion_rate_new_visit>
	<nb_conversions_returning_visit>2</nb_conversions_returning_visit>
	<nb_visits_converted_returning_visit>2</nb_visits_converted_returning_visit>
	<revenue_returning_visit>10</revenue_returning_visit>
	<conversion_rate_returning_visit>100%</conversion_rate_returning_visit>
</result>