<?xml version="1.0" encoding="utf-8" ?>
<result>
	<nb_uniq_visitors_new>8</nb_uniq_visitors_new>
	<nb_users_new>0</nb_users_new>
	<nb_visits_new>8</nb_visits_new>
	<nb_actions_new>8</nb_actions_new>
	<nb_visits_converted_new>8</nb_visits_converted_new>
	<bounce_count_new>8</bounce_count_new>
	<sum_visit_length_new>0</sum_visit_length_new>
	<max_actions_new>1</max_actions_new>
	<bounce_rate_new>100%</bounce_rate_new>
	<nb_actions_per_visit_new>1</nb_actions_per_visit_new>
	<avg_time_on_site_new>0</avg_time_on_site_new>
	<nb_uniq_visitors_returning>0</nb_uniq_visitors_returning>
	<nb_users_returning>0</nb_users_returning>
	<nb_visits_returning>0</nb_visits_returning>
	<nb_actions_returning>0</nb_actions_returning>
	<nb_visits_converted_returning>0</nb_visits_converted_returning>
	<bounce_count_returning>0</bounce_count_returning>
	<sum_visit_length_returning>0</sum_visit_length_returning>
	<max_actions_returning>0</max_actions_returning>
	<bounce_rate_returning>0%</bounce_rate_returning>
	<nb_actions_per_visit_returning>0</nb_actions_per_visit_returning>
	<avg_time_on_site_returning>0</avg_time_on_site_returning>
	<comparisons>
		<row>
			<nb_uniq_visitors_new>8</nb_uniq_visitors_new>
			<nb_users_new>0</nb_users_new>
			<nb_visits_new>8</nb_visits_new>
			<nb_actions_new>8</nb_actions_new>
			<nb_visits_converted_new>8</nb_visits_converted_new>
			<bounce_count_new>8</bounce_count_new>
			<sum_visit_length_new>0</sum_visit_length_new>
			<max_actions_new>1</max_actions_new>
			<bounce_rate_new>100%</bounce_rate_new>
			<nb_actions_per_visit_new>1</nb_actions_per_visit_new>
			<avg_time_on_site_new>0</avg_time_on_site_new>
			<nb_uniq_visitors_returning>0</nb_uniq_visitors_returning>
			<nb_users_returning>0</nb_users_returning>
			<nb_visits_returning>0</nb_visits_returning>
			<nb_actions_returning>0</nb_actions_returning>
			<nb_visits_converted_returning>0</nb_visits_converted_returning>
			<bounce_count_returning>0</bounce_count_returning>
			<sum_visit_length_returning>0</sum_visit_length_returning>
			<max_actions_returning>0</max_actions_returning>
			<bounce_rate_returning>0%</bounce_rate_returning>
			<nb_actions_per_visit_returning>0</nb_actions_per_visit_returning>
			<avg_time_on_site_returning>0</avg_time_on_site_returning>
			<compareSegment />
			<compareSegmentPretty>All visits</compareSegmentPretty>
			<comparePeriod>day</comparePeriod>
			<compareDate>2012-08-10</compareDate>
			<comparePeriodPretty>Friday, August 10, 2012</comparePeriodPretty>
			<compareSeriesPretty>(Friday, August 10, 2012) (All visits)</compareSeriesPretty>
			<idsubdatatable>-1</idsubdatatable>
		</row>
		<row>
			<nb_visits_new>31</nb_visits_new>
			<nb_actions_new>34</nb_actions_new>
			<nb_visits_converted_new>29</nb_visits_converted_new>
			<bounce_count_new>29</bounce_count_new>
			<sum_visit_length_new>305</sum_visit_length_new>
			<max_actions_new>3</max_actions_new>
			<bounce_rate_new>94%</bounce_rate_new>
			<nb_actions_per_visit_new>1.1</nb_actions_per_visit_new>
			<avg_time_on_site_new>10</avg_time_on_site_new>
			<nb_visits_returning>1</nb_visits_returning>
			<nb_actions_returning>1</nb_actions_returning>
			<nb_visits_converted_returning>1</nb_visits_converted_returning>
			<bounce_count_returning>1</bounce_count_returning>
			<sum_visit_length_returning>0</sum_visit_length_returning>
			<max_actions_returning>1</max_actions_returning>
			<bounce_rate_returning>100%</bounce_rate_returning>
			<nb_actions_per_visit_returning>1</nb_actions_per_visit_returning>
			<avg_time_on_site_returning>0</avg_time_on_site_returning>
			<nb_visits_new_change>+287.5%</nb_visits_new_change>
			<nb_visits_new_change_from>-74.2%</nb_visits_new_change_from>
			<nb_actions_new_change>+325%</nb_actions_new_change>
			<nb_actions_new_change_from>-76.5%</nb_actions_new_change_from>
			<nb_visits_converted_new_change>+262.5%</nb_visits_converted_new_change>
			<nb_visits_converted_new_change_from>-72.4%</nb_visits_converted_new_change_from>
			<bounce_count_new_change>+262.5%</bounce_count_new_change>
			<bounce_count_new_change_from>-72.4%</bounce_count_new_change_from>
			<sum_visit_length_new_change>+100%</sum_visit_length_new_change>
			<sum_visit_length_new_change_from>-100%</sum_visit_length_new_change_from>
			<max_actions_new_change>+200%</max_actions_new_change>
			<max_actions_new_change_from>-66.7%</max_actions_new_change_from>
			<bounce_rate_new_change>-6%</bounce_rate_new_change>
			<bounce_rate_new_change_from>+6.4%</bounce_rate_new_change_from>
			<nb_actions_per_visit_new_change>+10%</nb_actions_per_visit_new_change>
			<nb_actions_per_visit_new_change_from>-9.1%</nb_actions_per_visit_new_change_from>
			<avg_time_on_site_new_change>+100%</avg_time_on_site_new_change>
			<avg_time_on_site_new_change_from>-100%</avg_time_on_site_new_change_from>
			<nb_visits_returning_change>+100%</nb_visits_returning_change>
			<nb_visits_returning_change_from>-100%</nb_visits_returning_change_from>
			<nb_actions_returning_change>+100%</nb_actions_returning_change>
			<nb_actions_returning_change_from>-100%</nb_actions_returning_change_from>
			<nb_visits_converted_returning_change>+100%</nb_visits_converted_returning_change>
			<nb_visits_converted_returning_change_from>-100%</nb_visits_converted_returning_change_from>
			<bounce_count_returning_change>+100%</bounce_count_returning_change>
			<bounce_count_returning_change_from>-100%</bounce_count_returning_change_from>
			<sum_visit_length_returning_change>+0%</sum_visit_length_returning_change>
			<sum_visit_length_returning_change_from>+0%</sum_visit_length_returning_change_from>
			<max_actions_returning_change>+100%</max_actions_returning_change>
			<max_actions_returning_change_from>-100%</max_actions_returning_change_from>
			<bounce_rate_returning_change>+100%</bounce_rate_returning_change>
			<bounce_rate_returning_change_from>-100%</bounce_rate_returning_change_from>
			<nb_actions_per_visit_returning_change>+100%</nb_actions_per_visit_returning_change>
			<nb_actions_per_visit_returning_change_from>-100%</nb_actions_per_visit_returning_change_from>
			<avg_time_on_site_returning_change>+0%</avg_time_on_site_returning_change>
			<avg_time_on_site_returning_change_from>+0%</avg_time_on_site_returning_change_from>
			<compareSegment />
			<compareSegmentPretty>All visits</compareSegmentPretty>
			<comparePeriod>range</comparePeriod>
			<compareDate>2012-08-09,2012-08-16</compareDate>
			<comparePeriodPretty>August 9 – 16, 2012</comparePeriodPretty>
			<compareSeriesPretty>(August 9 – 16, 2012) (All visits)</compareSeriesPretty>
			<idsubdatatable>-1</idsubdatatable>
		</row>
	</comparisons>
</result>