<?xml version="1.0" encoding="utf-8" ?>
<result>
	<nb_uniq_visitors_new>41</nb_uniq_visitors_new>
	<nb_users_new>2</nb_users_new>
	<nb_visits_new>41</nb_visits_new>
	<nb_actions_new>47</nb_actions_new>
	<nb_visits_converted_new>37</nb_visits_converted_new>
	<bounce_count_new>36</bounce_count_new>
	<sum_visit_length_new>551</sum_visit_length_new>
	<max_actions_new>3</max_actions_new>
	<bounce_rate_new>88%</bounce_rate_new>
	<nb_actions_per_visit_new>1.1</nb_actions_per_visit_new>
	<avg_time_on_site_new>13</avg_time_on_site_new>
	<nb_uniq_visitors_returning>2</nb_uniq_visitors_returning>
	<nb_users_returning>1</nb_users_returning>
	<nb_visits_returning>2</nb_visits_returning>
	<nb_actions_returning>4</nb_actions_returning>
	<nb_visits_converted_returning>2</nb_visits_converted_returning>
	<bounce_count_returning>1</bounce_count_returning>
	<sum_visit_length_returning>2</sum_visit_length_returning>
	<max_actions_returning>3</max_actions_returning>
	<bounce_rate_returning>50%</bounce_rate_returning>
	<nb_actions_per_visit_returning>2</nb_actions_per_visit_returning>
	<avg_time_on_site_returning>1</avg_time_on_site_returning>
</result>