<?xml version="1.0" encoding="utf-8" ?>
<result>
	<row>
		<label>blog</label>
		<nb_visits>2</nb_visits>
		<nb_hits>5</nb_hits>
		<sum_time_spent>60</sum_time_spent>
		<nb_hits_with_time_generation>5</nb_hits_with_time_generation>
		<min_time_generation>0.023</min_time_generation>
		<max_time_generation>1.324</max_time_generation>
		<sum_bandwidth>0</sum_bandwidth>
		<nb_hits_with_bandwidth>0</nb_hits_with_bandwidth>
		<min_bandwidth />
		<max_bandwidth />
		<entry_nb_visits>1</entry_nb_visits>
		<entry_nb_actions>10</entry_nb_actions>
		<entry_sum_visit_length>54</entry_sum_visit_length>
		<entry_bounce_count>0</entry_bounce_count>
		<avg_bandwidth>0</avg_bandwidth>
		<avg_time_on_page>12</avg_time_on_page>
		<bounce_rate>0%</bounce_rate>
		<exit_rate>0%</exit_rate>
		<avg_time_generation>0.443</avg_time_generation>
		<segment>pageUrl=^http%253A%252F%252Fpiwik.net%252Fblog</segment>
		<subtable>
			<row>
				<label>category</label>
				<nb_visits>2</nb_visits>
				<nb_hits>5</nb_hits>
				<sum_time_spent>60</sum_time_spent>
				<nb_hits_with_time_generation>5</nb_hits_with_time_generation>
				<min_time_generation>0.023</min_time_generation>
				<max_time_generation>1.324</max_time_generation>
				<sum_bandwidth>0</sum_bandwidth>
				<nb_hits_with_bandwidth>0</nb_hits_with_bandwidth>
				<min_bandwidth />
				<max_bandwidth />
				<entry_nb_visits>1</entry_nb_visits>
				<entry_nb_actions>10</entry_nb_actions>
				<entry_sum_visit_length>54</entry_sum_visit_length>
				<entry_bounce_count>0</entry_bounce_count>
				<avg_time_on_page>12</avg_time_on_page>
				<bounce_rate>0%</bounce_rate>
				<exit_rate>0%</exit_rate>
				<avg_time_generation>0.443</avg_time_generation>
				<segment>pageUrl=^http%253A%252F%252Fpiwik.net%252Fblog%252Fcategory</segment>
				<subtable>
					<row>
						<label>community</label>
						<nb_visits>1</nb_visits>
						<nb_hits>2</nb_hits>
						<sum_time_spent>8</sum_time_spent>
						<nb_hits_with_time_generation>2</nb_hits_with_time_generation>
						<min_time_generation>0.624</min_time_generation>
						<max_time_generation>1.324</max_time_generation>
						<sum_bandwidth>0</sum_bandwidth>
						<nb_hits_with_bandwidth>0</nb_hits_with_bandwidth>
						<min_bandwidth />
						<max_bandwidth />
						<avg_time_on_page>4</avg_time_on_page>
						<bounce_rate>0%</bounce_rate>
						<exit_rate>0%</exit_rate>
						<avg_time_generation>0.974</avg_time_generation>
						<segment>pageUrl=^http%253A%252F%252Fpiwik.net%252Fblog%252Fcategory%252Fcommunity</segment>
						<subtable>
							<row>
								<label>/index</label>
								<nb_visits>1</nb_visits>
								<nb_uniq_visitors>1</nb_uniq_visitors>
								<nb_hits>2</nb_hits>
								<sum_time_spent>8</sum_time_spent>
								<nb_hits_with_time_generation>2</nb_hits_with_time_generation>
								<min_time_generation>0.624</min_time_generation>
								<max_time_generation>1.324</max_time_generation>
								<sum_bandwidth>0</sum_bandwidth>
								<nb_hits_with_bandwidth>0</nb_hits_with_bandwidth>
								<min_bandwidth />
								<max_bandwidth />
								<avg_time_on_page>4</avg_time_on_page>
								<bounce_rate>0%</bounce_rate>
								<exit_rate>0%</exit_rate>
								<avg_time_generation>0.974</avg_time_generation>
								<url>http://piwik.net/blog/category/community/</url>
								<segment>pageUrl==http%253A%252F%252Fpiwik.net%252Fblog%252Fcategory%252Fcommunity%252F</segment>
							</row>
						</subtable>
					</row>
					<row>
						<label>meta</label>
						<nb_visits>1</nb_visits>
						<nb_hits>3</nb_hits>
						<sum_time_spent>52</sum_time_spent>
						<nb_hits_with_time_generation>3</nb_hits_with_time_generation>
						<min_time_generation>0.023</min_time_generation>
						<max_time_generation>0.123</max_time_generation>
						<sum_bandwidth>0</sum_bandwidth>
						<nb_hits_with_bandwidth>0</nb_hits_with_bandwidth>
						<min_bandwidth />
						<max_bandwidth />
						<entry_nb_visits>1</entry_nb_visits>
						<entry_nb_actions>10</entry_nb_actions>
						<entry_sum_visit_length>54</entry_sum_visit_length>
						<entry_bounce_count>0</entry_bounce_count>
						<avg_time_on_page>17</avg_time_on_page>
						<bounce_rate>0%</bounce_rate>
						<exit_rate>0%</exit_rate>
						<avg_time_generation>0.089</avg_time_generation>
						<segment>pageUrl=^http%253A%252F%252Fpiwik.net%252Fblog%252Fcategory%252Fmeta</segment>
						<subtable>
							<row>
								<label>/index</label>
								<nb_visits>1</nb_visits>
								<nb_uniq_visitors>1</nb_uniq_visitors>
								<nb_hits>3</nb_hits>
								<sum_time_spent>52</sum_time_spent>
								<nb_hits_with_time_generation>3</nb_hits_with_time_generation>
								<min_time_generation>0.023</min_time_generation>
								<max_time_generation>0.123</max_time_generation>
								<sum_bandwidth>0</sum_bandwidth>
								<nb_hits_with_bandwidth>0</nb_hits_with_bandwidth>
								<min_bandwidth />
								<max_bandwidth />
								<entry_nb_uniq_visitors>1</entry_nb_uniq_visitors>
								<entry_nb_visits>1</entry_nb_visits>
								<entry_nb_actions>10</entry_nb_actions>
								<entry_sum_visit_length>54</entry_sum_visit_length>
								<entry_bounce_count>0</entry_bounce_count>
								<avg_time_on_page>17</avg_time_on_page>
								<bounce_rate>0%</bounce_rate>
								<exit_rate>0%</exit_rate>
								<avg_time_generation>0.089</avg_time_generation>
								<url>http://piwik.net/blog/category/meta/</url>
								<segment>pageUrl==http%253A%252F%252Fpiwik.net%252Fblog%252Fcategory%252Fmeta%252F</segment>
							</row>
						</subtable>
					</row>
				</subtable>
			</row>
		</subtable>
	</row>
	<row>
		<label>docs</label>
		<nb_visits>1</nb_visits>
		<nb_hits>2</nb_hits>
		<sum_time_spent>0</sum_time_spent>
		<nb_hits_with_time_generation>2</nb_hits_with_time_generation>
		<min_time_generation>0.343</min_time_generation>
		<max_time_generation>0.543</max_time_generation>
		<sum_bandwidth>0</sum_bandwidth>
		<nb_hits_with_bandwidth>0</nb_hits_with_bandwidth>
		<min_bandwidth />
		<max_bandwidth />
		<avg_bandwidth>0</avg_bandwidth>
		<avg_time_on_page>0</avg_time_on_page>
		<bounce_rate>0%</bounce_rate>
		<exit_rate>0%</exit_rate>
		<avg_time_generation>0.443</avg_time_generation>
		<segment>pageUrl=^http%253A%252F%252Fpiwik.net%252Fdocs</segment>
		<subtable>
			<row>
				<label>manage-websites</label>
				<nb_visits>1</nb_visits>
				<nb_hits>2</nb_hits>
				<sum_time_spent>0</sum_time_spent>
				<nb_hits_with_time_generation>2</nb_hits_with_time_generation>
				<min_time_generation>0.343</min_time_generation>
				<max_time_generation>0.543</max_time_generation>
				<sum_bandwidth>0</sum_bandwidth>
				<nb_hits_with_bandwidth>0</nb_hits_with_bandwidth>
				<min_bandwidth />
				<max_bandwidth />
				<avg_time_on_page>0</avg_time_on_page>
				<bounce_rate>0%</bounce_rate>
				<exit_rate>0%</exit_rate>
				<avg_time_generation>0.443</avg_time_generation>
				<segment>pageUrl=^http%253A%252F%252Fpiwik.net%252Fdocs%252Fmanage-websites</segment>
				<subtable>
					<row>
						<label>/index</label>
						<nb_visits>1</nb_visits>
						<nb_uniq_visitors>1</nb_uniq_visitors>
						<nb_hits>2</nb_hits>
						<sum_time_spent>0</sum_time_spent>
						<nb_hits_with_time_generation>2</nb_hits_with_time_generation>
						<min_time_generation>0.343</min_time_generation>
						<max_time_generation>0.543</max_time_generation>
						<sum_bandwidth>0</sum_bandwidth>
						<nb_hits_with_bandwidth>0</nb_hits_with_bandwidth>
						<min_bandwidth />
						<max_bandwidth />
						<avg_time_on_page>0</avg_time_on_page>
						<bounce_rate>0%</bounce_rate>
						<exit_rate>0%</exit_rate>
						<avg_time_generation>0.443</avg_time_generation>
						<url>http://piwik.net/docs/manage-websites/</url>
						<segment>pageUrl==http%253A%252F%252Fpiwik.net%252Fdocs%252Fmanage-websites%252F</segment>
					</row>
				</subtable>
			</row>
		</subtable>
	</row>
	<row>
		<label>faq</label>
		<nb_visits>1</nb_visits>
		<nb_hits>3</nb_hits>
		<sum_time_spent>26</sum_time_spent>
		<nb_hits_with_time_generation>3</nb_hits_with_time_generation>
		<min_time_generation>0.234</min_time_generation>
		<max_time_generation>0.294</max_time_generation>
		<sum_bandwidth>0</sum_bandwidth>
		<nb_hits_with_bandwidth>0</nb_hits_with_bandwidth>
		<min_bandwidth />
		<max_bandwidth />
		<exit_nb_visits>1</exit_nb_visits>
		<avg_bandwidth>0</avg_bandwidth>
		<avg_time_on_page>9</avg_time_on_page>
		<bounce_rate>0%</bounce_rate>
		<exit_rate>100%</exit_rate>
		<avg_time_generation>0.255</avg_time_generation>
		<segment>pageUrl=^http%253A%252F%252Fpiwik.net%252Ffaq</segment>
		<subtable>
			<row>
				<label>/index</label>
				<nb_visits>1</nb_visits>
				<nb_uniq_visitors>1</nb_uniq_visitors>
				<nb_hits>3</nb_hits>
				<sum_time_spent>26</sum_time_spent>
				<nb_hits_with_time_generation>3</nb_hits_with_time_generation>
				<min_time_generation>0.234</min_time_generation>
				<max_time_generation>0.294</max_time_generation>
				<sum_bandwidth>0</sum_bandwidth>
				<nb_hits_with_bandwidth>0</nb_hits_with_bandwidth>
				<min_bandwidth />
				<max_bandwidth />
				<exit_nb_uniq_visitors>1</exit_nb_uniq_visitors>
				<exit_nb_visits>1</exit_nb_visits>
				<avg_time_on_page>9</avg_time_on_page>
				<bounce_rate>0%</bounce_rate>
				<exit_rate>100%</exit_rate>
				<avg_time_generation>0.255</avg_time_generation>
				<url>http://piwik.net/faq/</url>
				<segment>pageUrl==http%253A%252F%252Fpiwik.net%252Ffaq%252F</segment>
			</row>
		</subtable>
	</row>
</result>