<?xml version="1.0" encoding="utf-8" ?>
<results>
	<result date="2010-01-03">
		<row>
			<label> first page view</label>
			<nb_visits>2</nb_visits>
			<nb_uniq_visitors>2</nb_uniq_visitors>
			<nb_hits>2</nb_hits>
			<sum_time_spent>0</sum_time_spent>
			<nb_hits_with_time_generation>2</nb_hits_with_time_generation>
			<min_time_generation>0.123</min_time_generation>
			<max_time_generation>0.153</max_time_generation>
			<sum_bandwidth>0</sum_bandwidth>
			<nb_hits_with_bandwidth>0</nb_hits_with_bandwidth>
			<min_bandwidth />
			<max_bandwidth />
			<entry_nb_uniq_visitors>2</entry_nb_uniq_visitors>
			<entry_nb_visits>2</entry_nb_visits>
			<entry_nb_actions>2</entry_nb_actions>
			<entry_sum_visit_length>0</entry_sum_visit_length>
			<entry_bounce_count>2</entry_bounce_count>
			<exit_nb_uniq_visitors>2</exit_nb_uniq_visitors>
			<exit_nb_visits>2</exit_nb_visits>
			<avg_bandwidth>0</avg_bandwidth>
			<avg_time_on_page>0</avg_time_on_page>
			<bounce_rate>100%</bounce_rate>
			<exit_rate>100%</exit_rate>
			<avg_time_generation>0.138</avg_time_generation>
			<segment>pageTitle==first%2Bpage%2Bview</segment>
		</row>
	</result>
	<result date="2010-01-04">
		<row>
			<label> Page Name not defined</label>
			<nb_visits>1</nb_visits>
			<nb_uniq_visitors>1</nb_uniq_visitors>
			<nb_hits>1</nb_hits>
			<sum_time_spent>0</sum_time_spent>
			<nb_hits_with_time_generation>1</nb_hits_with_time_generation>
			<min_time_generation>0.223</min_time_generation>
			<max_time_generation>0.223</max_time_generation>
			<sum_bandwidth>0</sum_bandwidth>
			<nb_hits_with_bandwidth>0</nb_hits_with_bandwidth>
			<min_bandwidth />
			<max_bandwidth />
			<avg_bandwidth>0</avg_bandwidth>
			<avg_time_on_page>0</avg_time_on_page>
			<bounce_rate>0%</bounce_rate>
			<exit_rate>0%</exit_rate>
			<avg_time_generation>0.223</avg_time_generation>
			<segment>pageTitle==</segment>
		</row>
	</result>
	<result date="2010-01-05">
		<row>
			<label> Checkout / Purchasing...</label>
			<nb_visits>1</nb_visits>
			<nb_uniq_visitors>1</nb_uniq_visitors>
			<nb_hits>1</nb_hits>
			<sum_time_spent>0</sum_time_spent>
			<nb_hits_with_time_generation>1</nb_hits_with_time_generation>
			<min_time_generation>0.452</min_time_generation>
			<max_time_generation>0.452</max_time_generation>
			<sum_bandwidth>0</sum_bandwidth>
			<nb_hits_with_bandwidth>0</nb_hits_with_bandwidth>
			<min_bandwidth />
			<max_bandwidth />
			<exit_nb_uniq_visitors>1</exit_nb_uniq_visitors>
			<exit_nb_visits>1</exit_nb_visits>
			<avg_bandwidth>0</avg_bandwidth>
			<avg_time_on_page>0</avg_time_on_page>
			<bounce_rate>0%</bounce_rate>
			<exit_rate>100%</exit_rate>
			<avg_time_generation>0.452</avg_time_generation>
			<segment>pageTitle==Checkout%2B%252F%2BPurchasing...</segment>
		</row>
		<row>
			<label> second visitor/two days later/a new visit</label>
			<nb_visits>1</nb_visits>
			<nb_uniq_visitors>1</nb_uniq_visitors>
			<nb_hits>1</nb_hits>
			<sum_time_spent>360</sum_time_spent>
			<nb_hits_with_time_generation>1</nb_hits_with_time_generation>
			<min_time_generation>0.323</min_time_generation>
			<max_time_generation>0.323</max_time_generation>
			<sum_bandwidth>0</sum_bandwidth>
			<nb_hits_with_bandwidth>0</nb_hits_with_bandwidth>
			<min_bandwidth />
			<max_bandwidth />
			<entry_nb_uniq_visitors>1</entry_nb_uniq_visitors>
			<entry_nb_visits>1</entry_nb_visits>
			<entry_nb_actions>5</entry_nb_actions>
			<entry_sum_visit_length>901</entry_sum_visit_length>
			<entry_bounce_count>0</entry_bounce_count>
			<avg_bandwidth>0</avg_bandwidth>
			<avg_time_on_page>360</avg_time_on_page>
			<bounce_rate>0%</bounce_rate>
			<exit_rate>0%</exit_rate>
			<avg_time_generation>0.323</avg_time_generation>
			<segment>pageTitle==second%2Bvisitor%252Ftwo%2Bdays%2Blater%252Fa%2Bnew%2Bvisit</segment>
		</row>
		<row>
			<label> second visitor/two days later/second page view</label>
			<nb_visits>1</nb_visits>
			<nb_uniq_visitors>1</nb_uniq_visitors>
			<nb_hits>1</nb_hits>
			<sum_time_spent>540</sum_time_spent>
			<nb_hits_with_time_generation>1</nb_hits_with_time_generation>
			<min_time_generation>0.173</min_time_generation>
			<max_time_generation>0.173</max_time_generation>
			<sum_bandwidth>0</sum_bandwidth>
			<nb_hits_with_bandwidth>0</nb_hits_with_bandwidth>
			<min_bandwidth />
			<max_bandwidth />
			<avg_bandwidth>0</avg_bandwidth>
			<avg_time_on_page>540</avg_time_on_page>
			<bounce_rate>0%</bounce_rate>
			<exit_rate>0%</exit_rate>
			<avg_time_generation>0.173</avg_time_generation>
			<segment>pageTitle==second%2Bvisitor%252Ftwo%2Bdays%2Blater%252Fsecond%2Bpage%2Bview</segment>
		</row>
	</result>
	<result date="2010-01-06">
		<row>
			<label> Checkout / Purchasing...</label>
			<nb_visits>1</nb_visits>
			<nb_uniq_visitors>1</nb_uniq_visitors>
			<nb_hits>1</nb_hits>
			<sum_time_spent>0</sum_time_spent>
			<nb_hits_with_time_generation>1</nb_hits_with_time_generation>
			<min_time_generation>0.452</min_time_generation>
			<max_time_generation>0.452</max_time_generation>
			<sum_bandwidth>0</sum_bandwidth>
			<nb_hits_with_bandwidth>0</nb_hits_with_bandwidth>
			<min_bandwidth />
			<max_bandwidth />
			<exit_nb_uniq_visitors>1</exit_nb_uniq_visitors>
			<exit_nb_visits>1</exit_nb_visits>
			<avg_bandwidth>0</avg_bandwidth>
			<avg_time_on_page>0</avg_time_on_page>
			<bounce_rate>0%</bounce_rate>
			<exit_rate>100%</exit_rate>
			<avg_time_generation>0.452</avg_time_generation>
			<segment>pageTitle==Checkout%2B%252F%2BPurchasing...</segment>
		</row>
		<row>
			<label> second visitor/two days later/a new visit</label>
			<nb_visits>1</nb_visits>
			<nb_uniq_visitors>1</nb_uniq_visitors>
			<nb_hits>1</nb_hits>
			<sum_time_spent>360</sum_time_spent>
			<nb_hits_with_time_generation>1</nb_hits_with_time_generation>
			<min_time_generation>0.323</min_time_generation>
			<max_time_generation>0.323</max_time_generation>
			<sum_bandwidth>0</sum_bandwidth>
			<nb_hits_with_bandwidth>0</nb_hits_with_bandwidth>
			<min_bandwidth />
			<max_bandwidth />
			<entry_nb_uniq_visitors>1</entry_nb_uniq_visitors>
			<entry_nb_visits>1</entry_nb_visits>
			<entry_nb_actions>5</entry_nb_actions>
			<entry_sum_visit_length>901</entry_sum_visit_length>
			<entry_bounce_count>0</entry_bounce_count>
			<avg_bandwidth>0</avg_bandwidth>
			<avg_time_on_page>360</avg_time_on_page>
			<bounce_rate>0%</bounce_rate>
			<exit_rate>0%</exit_rate>
			<avg_time_generation>0.323</avg_time_generation>
			<segment>pageTitle==second%2Bvisitor%252Ftwo%2Bdays%2Blater%252Fa%2Bnew%2Bvisit</segment>
		</row>
		<row>
			<label> second visitor/two days later/second page view</label>
			<nb_visits>1</nb_visits>
			<nb_uniq_visitors>1</nb_uniq_visitors>
			<nb_hits>1</nb_hits>
			<sum_time_spent>540</sum_time_spent>
			<nb_hits_with_time_generation>1</nb_hits_with_time_generation>
			<min_time_generation>0.173</min_time_generation>
			<max_time_generation>0.173</max_time_generation>
			<sum_bandwidth>0</sum_bandwidth>
			<nb_hits_with_bandwidth>0</nb_hits_with_bandwidth>
			<min_bandwidth />
			<max_bandwidth />
			<avg_bandwidth>0</avg_bandwidth>
			<avg_time_on_page>540</avg_time_on_page>
			<bounce_rate>0%</bounce_rate>
			<exit_rate>0%</exit_rate>
			<avg_time_generation>0.173</avg_time_generation>
			<segment>pageTitle==second%2Bvisitor%252Ftwo%2Bdays%2Blater%252Fsecond%2Bpage%2Bview</segment>
		</row>
	</result>
	<result date="2010-01-07">
		<row>
			<label> Checkout / Purchasing...</label>
			<nb_visits>1</nb_visits>
			<nb_uniq_visitors>1</nb_uniq_visitors>
			<nb_hits>1</nb_hits>
			<sum_time_spent>0</sum_time_spent>
			<nb_hits_with_time_generation>1</nb_hits_with_time_generation>
			<min_time_generation>0.452</min_time_generation>
			<max_time_generation>0.452</max_time_generation>
			<sum_bandwidth>0</sum_bandwidth>
			<nb_hits_with_bandwidth>0</nb_hits_with_bandwidth>
			<min_bandwidth />
			<max_bandwidth />
			<exit_nb_uniq_visitors>1</exit_nb_uniq_visitors>
			<exit_nb_visits>1</exit_nb_visits>
			<avg_bandwidth>0</avg_bandwidth>
			<avg_time_on_page>0</avg_time_on_page>
			<bounce_rate>0%</bounce_rate>
			<exit_rate>100%</exit_rate>
			<avg_time_generation>0.452</avg_time_generation>
			<segment>pageTitle==Checkout%2B%252F%2BPurchasing...</segment>
		</row>
		<row>
			<label> second visitor/two days later/a new visit</label>
			<nb_visits>1</nb_visits>
			<nb_uniq_visitors>1</nb_uniq_visitors>
			<nb_hits>1</nb_hits>
			<sum_time_spent>360</sum_time_spent>
			<nb_hits_with_time_generation>1</nb_hits_with_time_generation>
			<min_time_generation>0.323</min_time_generation>
			<max_time_generation>0.323</max_time_generation>
			<sum_bandwidth>0</sum_bandwidth>
			<nb_hits_with_bandwidth>0</nb_hits_with_bandwidth>
			<min_bandwidth />
			<max_bandwidth />
			<entry_nb_uniq_visitors>1</entry_nb_uniq_visitors>
			<entry_nb_visits>1</entry_nb_visits>
			<entry_nb_actions>5</entry_nb_actions>
			<entry_sum_visit_length>901</entry_sum_visit_length>
			<entry_bounce_count>0</entry_bounce_count>
			<avg_bandwidth>0</avg_bandwidth>
			<avg_time_on_page>360</avg_time_on_page>
			<bounce_rate>0%</bounce_rate>
			<exit_rate>0%</exit_rate>
			<avg_time_generation>0.323</avg_time_generation>
			<segment>pageTitle==second%2Bvisitor%252Ftwo%2Bdays%2Blater%252Fa%2Bnew%2Bvisit</segment>
		</row>
		<row>
			<label> second visitor/two days later/second page view</label>
			<nb_visits>1</nb_visits>
			<nb_uniq_visitors>1</nb_uniq_visitors>
			<nb_hits>1</nb_hits>
			<sum_time_spent>540</sum_time_spent>
			<nb_hits_with_time_generation>1</nb_hits_with_time_generation>
			<min_time_generation>0.173</min_time_generation>
			<max_time_generation>0.173</max_time_generation>
			<sum_bandwidth>0</sum_bandwidth>
			<nb_hits_with_bandwidth>0</nb_hits_with_bandwidth>
			<min_bandwidth />
			<max_bandwidth />
			<avg_bandwidth>0</avg_bandwidth>
			<avg_time_on_page>540</avg_time_on_page>
			<bounce_rate>0%</bounce_rate>
			<exit_rate>0%</exit_rate>
			<avg_time_generation>0.173</avg_time_generation>
			<segment>pageTitle==second%2Bvisitor%252Ftwo%2Bdays%2Blater%252Fsecond%2Bpage%2Bview</segment>
		</row>
	</result>
	<result date="2010-01-08">
		<row>
			<label> Checkout / Purchasing...</label>
			<nb_visits>1</nb_visits>
			<nb_uniq_visitors>1</nb_uniq_visitors>
			<nb_hits>1</nb_hits>
			<sum_time_spent>0</sum_time_spent>
			<nb_hits_with_time_generation>1</nb_hits_with_time_generation>
			<min_time_generation>0.452</min_time_generation>
			<max_time_generation>0.452</max_time_generation>
			<sum_bandwidth>0</sum_bandwidth>
			<nb_hits_with_bandwidth>0</nb_hits_with_bandwidth>
			<min_bandwidth />
			<max_bandwidth />
			<exit_nb_uniq_visitors>1</exit_nb_uniq_visitors>
			<exit_nb_visits>1</exit_nb_visits>
			<avg_bandwidth>0</avg_bandwidth>
			<avg_time_on_page>0</avg_time_on_page>
			<bounce_rate>0%</bounce_rate>
			<exit_rate>100%</exit_rate>
			<avg_time_generation>0.452</avg_time_generation>
			<segment>pageTitle==Checkout%2B%252F%2BPurchasing...</segment>
		</row>
		<row>
			<label> second visitor/two days later/a new visit</label>
			<nb_visits>1</nb_visits>
			<nb_uniq_visitors>1</nb_uniq_visitors>
			<nb_hits>1</nb_hits>
			<sum_time_spent>360</sum_time_spent>
			<nb_hits_with_time_generation>1</nb_hits_with_time_generation>
			<min_time_generation>0.323</min_time_generation>
			<max_time_generation>0.323</max_time_generation>
			<sum_bandwidth>0</sum_bandwidth>
			<nb_hits_with_bandwidth>0</nb_hits_with_bandwidth>
			<min_bandwidth />
			<max_bandwidth />
			<entry_nb_uniq_visitors>1</entry_nb_uniq_visitors>
			<entry_nb_visits>1</entry_nb_visits>
			<entry_nb_actions>5</entry_nb_actions>
			<entry_sum_visit_length>901</entry_sum_visit_length>
			<entry_bounce_count>0</entry_bounce_count>
			<avg_bandwidth>0</avg_bandwidth>
			<avg_time_on_page>360</avg_time_on_page>
			<bounce_rate>0%</bounce_rate>
			<exit_rate>0%</exit_rate>
			<avg_time_generation>0.323</avg_time_generation>
			<segment>pageTitle==second%2Bvisitor%252Ftwo%2Bdays%2Blater%252Fa%2Bnew%2Bvisit</segment>
		</row>
		<row>
			<label> second visitor/two days later/second page view</label>
			<nb_visits>1</nb_visits>
			<nb_uniq_visitors>1</nb_uniq_visitors>
			<nb_hits>1</nb_hits>
			<sum_time_spent>540</sum_time_spent>
			<nb_hits_with_time_generation>1</nb_hits_with_time_generation>
			<min_time_generation>0.173</min_time_generation>
			<max_time_generation>0.173</max_time_generation>
			<sum_bandwidth>0</sum_bandwidth>
			<nb_hits_with_bandwidth>0</nb_hits_with_bandwidth>
			<min_bandwidth />
			<max_bandwidth />
			<avg_bandwidth>0</avg_bandwidth>
			<avg_time_on_page>540</avg_time_on_page>
			<bounce_rate>0%</bounce_rate>
			<exit_rate>0%</exit_rate>
			<avg_time_generation>0.173</avg_time_generation>
			<segment>pageTitle==second%2Bvisitor%252Ftwo%2Bdays%2Blater%252Fsecond%2Bpage%2Bview</segment>
		</row>
	</result>
	<result date="2010-01-09">
		<row>
			<label> Checkout / Purchasing...</label>
			<nb_visits>1</nb_visits>
			<nb_uniq_visitors>1</nb_uniq_visitors>
			<nb_hits>1</nb_hits>
			<sum_time_spent>0</sum_time_spent>
			<nb_hits_with_time_generation>1</nb_hits_with_time_generation>
			<min_time_generation>0.452</min_time_generation>
			<max_time_generation>0.452</max_time_generation>
			<sum_bandwidth>0</sum_bandwidth>
			<nb_hits_with_bandwidth>0</nb_hits_with_bandwidth>
			<min_bandwidth />
			<max_bandwidth />
			<exit_nb_uniq_visitors>1</exit_nb_uniq_visitors>
			<exit_nb_visits>1</exit_nb_visits>
			<avg_bandwidth>0</avg_bandwidth>
			<avg_time_on_page>0</avg_time_on_page>
			<bounce_rate>0%</bounce_rate>
			<exit_rate>100%</exit_rate>
			<avg_time_generation>0.452</avg_time_generation>
			<segment>pageTitle==Checkout%2B%252F%2BPurchasing...</segment>
		</row>
		<row>
			<label> second visitor/two days later/a new visit</label>
			<nb_visits>1</nb_visits>
			<nb_uniq_visitors>1</nb_uniq_visitors>
			<nb_hits>1</nb_hits>
			<sum_time_spent>360</sum_time_spent>
			<nb_hits_with_time_generation>1</nb_hits_with_time_generation>
			<min_time_generation>0.323</min_time_generation>
			<max_time_generation>0.323</max_time_generation>
			<sum_bandwidth>0</sum_bandwidth>
			<nb_hits_with_bandwidth>0</nb_hits_with_bandwidth>
			<min_bandwidth />
			<max_bandwidth />
			<entry_nb_uniq_visitors>1</entry_nb_uniq_visitors>
			<entry_nb_visits>1</entry_nb_visits>
			<entry_nb_actions>5</entry_nb_actions>
			<entry_sum_visit_length>901</entry_sum_visit_length>
			<entry_bounce_count>0</entry_bounce_count>
			<avg_bandwidth>0</avg_bandwidth>
			<avg_time_on_page>360</avg_time_on_page>
			<bounce_rate>0%</bounce_rate>
			<exit_rate>0%</exit_rate>
			<avg_time_generation>0.323</avg_time_generation>
			<segment>pageTitle==second%2Bvisitor%252Ftwo%2Bdays%2Blater%252Fa%2Bnew%2Bvisit</segment>
		</row>
		<row>
			<label> second visitor/two days later/second page view</label>
			<nb_visits>1</nb_visits>
			<nb_uniq_visitors>1</nb_uniq_visitors>
			<nb_hits>1</nb_hits>
			<sum_time_spent>540</sum_time_spent>
			<nb_hits_with_time_generation>1</nb_hits_with_time_generation>
			<min_time_generation>0.173</min_time_generation>
			<max_time_generation>0.173</max_time_generation>
			<sum_bandwidth>0</sum_bandwidth>
			<nb_hits_with_bandwidth>0</nb_hits_with_bandwidth>
			<min_bandwidth />
			<max_bandwidth />
			<avg_bandwidth>0</avg_bandwidth>
			<avg_time_on_page>540</avg_time_on_page>
			<bounce_rate>0%</bounce_rate>
			<exit_rate>0%</exit_rate>
			<avg_time_generation>0.173</avg_time_generation>
			<segment>pageTitle==second%2Bvisitor%252Ftwo%2Bdays%2Blater%252Fsecond%2Bpage%2Bview</segment>
		</row>
	</result>
</results>