<?xml version="1.0" encoding="utf-8" ?>
<result>
	<nb_visits_new>45</nb_visits_new>
	<nb_actions_new>62</nb_actions_new>
	<nb_visits_converted_new>41</nb_visits_converted_new>
	<bounce_count_new>38</bounce_count_new>
	<sum_visit_length_new>615</sum_visit_length_new>
	<max_actions_new>10</max_actions_new>
	<bounce_rate_new>84%</bounce_rate_new>
	<nb_actions_per_visit_new>1.4</nb_actions_per_visit_new>
	<avg_time_on_site_new>14</avg_time_on_site_new>
	<nb_visits_returning>11</nb_visits_returning>
	<nb_actions_returning>15</nb_actions_returning>
	<nb_visits_converted_returning>10</nb_visits_converted_returning>
	<bounce_count_returning>8</bounce_count_returning>
	<sum_visit_length_returning>117</sum_visit_length_returning>
	<max_actions_returning>3</max_actions_returning>
	<bounce_rate_returning>73%</bounce_rate_returning>
	<nb_actions_per_visit_returning>1.4</nb_actions_per_visit_returning>
	<avg_time_on_site_returning>11</avg_time_on_site_returning>
</result>